
> gleamer@0.1.0 build /mnt/c/Users/alexa/integrity2025-1
> next build

